LTspice 24.0.12 for Windows
Circuit: * C:\Users\lorne\Documents\3rd Year Dal\ECED3201\Labs\lab2\ltspice\Draft2.asc
Start Time: Mon Feb  9 09:23:36 2026
solver = Normal
Maximum thread count: 8



Direct Newton iteration for .op point succeeded.
.step v1=9



.step v1=9.1



.step v1=9.2



.step v1=9.3



.step v1=9.4



.step v1=9.5



.step v1=9.6



.step v1=9.7



.step v1=9.8



.step v1=9.9



.step v1=10



.step v1=10.1



.step v1=10.2



.step v1=10.3



.step v1=10.4



.step v1=10.5



.step v1=10.6



.step v1=10.7



.step v1=10.8



.step v1=10.9
tnom = 27
temp = 27
method = modified trap
.step v1=11
Total elapsed time: 1.103 seconds.

