LTspice 24.0.9 for Windows
Circuit: * C:\School Work\ECED3201\lab2\ltspice\Lab2Part4Q8.asc
Start Time: Mon Feb  9 10:10:04 2026
solver = Normal
Maximum thread count: 16
tnom = 27
temp = 27
method = modified trap
Direct Newton iteration failed to find .op point.  (Use ".option noopiter" to skip.)
Starting Gmin stepping
Gmin = 10
Gmin = 1.07374
vernier = 0.5
vernier = 0.666667
Gmin = 0.375229
vernier = 0.888888
vernier = 1
Gmin = 0.0567082
Gmin = 0.006089
Gmin = 0.000653801
Gmin = 7.02013e-05
Gmin = 7.53781e-06
Gmin = 8.09366e-07
Gmin = 8.6905e-08
Gmin = 9.33136e-09
Gmin = 1.00195e-09
Gmin = 1.07583e-10
Gmin = 1.15517e-11
Gmin = 1.24035e-12
Gmin = 1.33182e-13
Gmin = 0
Gmin stepping succeeded in finding the operating point.

Direct Newton iteration failed to find .op point.  (Use ".option noopiter" to skip.)
Starting Gmin stepping
Gmin = 10
Gmin = 1.07374
Gmin = 0.115292
Gmin = 0.0123794
Gmin = 0.00132923
Gmin = 0.000142725
Gmin = 1.5325e-05
Gmin = 1.6455e-06
Gmin = 1.76685e-07
Gmin = 1.89714e-08
Gmin = 2.03704e-09
Gmin = 2.18725e-10
Gmin = 2.34854e-11
Gmin = 2.52173e-12
Gmin = 2.70769e-13
Gmin = 0
Gmin stepping succeeded in finding the operating point.

Total elapsed time: 0.075 seconds.

